// Jest Snapshot v1, https://goo.gl/fbAQLP

exports[`Polystat -> PolystatV2 migrations migrates old polystat config 1`] = `
{
  "autoSizeColumns": true,
  "autoSizePolygons": true,
  "autoSizeRows": true,
  "compositeConfig": {
    "animationSpeed": "2500",
    "composites": [],
    "enabled": true,
  },
  "compositeGlobalAliasingEnabled": false,
  "ellipseCharacters": 18,
  "ellipseEnabled": false,
  "globalAutoScaleFonts": true,
  "globalClickthrough": "https://grafana.com",
  "globalClickthroughCustomTarget": "",
  "globalClickthroughCustomTargetEnabled": false,
  "globalClickthroughNewTabEnabled": false,
  "globalClickthroughSanitizedEnabled": true,
  "globalCompositeValueFontSize": 14,
  "globalDecimals": 2,
  "globalDisplayMode": "all",
  "globalDisplayTextTriggeredEmpty": "OK",
  "globalFillColor": "#0a55a1",
  "globalGradientsEnabled": true,
  "globalLabelFontSize": 12,
  "globalOperator": "mean",
  "globalPolygonBorderColor": "#000000",
  "globalPolygonBorderSize": 2,
  "globalPolygonSize": "50",
  "globalRegexPattern": "",
  "globalShape": "square",
  "globalShowTimestampEnabled": false,
  "globalShowTimestampFontSize": 12,
  "globalShowTimestampFormat": "HH:mm:ss",
  "globalShowTimestampPosition": "above_value",
  "globalShowTimestampYOffset": 0,
  "globalShowTooltipColumnHeadersEnabled": true,
  "globalShowValueEnabled": true,
  "globalTextFontAutoColor": "#000000",
  "globalTextFontAutoColorEnabled": true,
  "globalTextFontColor": "#000000",
  "globalTextFontFamily": "Roboto",
  "globalThresholdsConfig": [],
  "globalTooltipsEnabled": true,
  "globalTooltipsFontFamily": "Roboto",
  "globalTooltipsShowTimestampEnabled": true,
  "globalTooltipsShowValueEnabled": true,
  "globalUnitFormat": "short",
  "globalValueFontSize": 14,
  "layoutDisplayLimit": 100,
  "layoutNumColumns": 6,
  "layoutNumRows": 8,
  "overrideConfig": {
    "overrides": [],
  },
  "panelId": 0,
  "radius": 100,
  "sortByDirection": 1,
  "sortByField": "name",
  "tooltipDisplayMode": "all",
  "tooltipDisplayTextTriggeredEmpty": "OK",
  "tooltipPrimarySortByField": "thresholdLevel",
  "tooltipPrimarySortDirection": 2,
  "tooltipSecondarySortByField": "value",
  "tooltipSecondarySortDirection": 2,
}
`;

exports[`Polystat -> PolystatV2 migrations migrates old polystat config with mappings 1`] = `
{
  "autoSizeColumns": true,
  "autoSizePolygons": true,
  "autoSizeRows": true,
  "compositeConfig": {
    "animationSpeed": "2500",
    "composites": [],
    "enabled": true,
  },
  "compositeGlobalAliasingEnabled": false,
  "ellipseCharacters": 18,
  "ellipseEnabled": false,
  "globalAutoScaleFonts": true,
  "globalClickthrough": "https://grafana.com",
  "globalClickthroughCustomTarget": "",
  "globalClickthroughCustomTargetEnabled": false,
  "globalClickthroughNewTabEnabled": false,
  "globalClickthroughSanitizedEnabled": true,
  "globalCompositeValueFontSize": 14,
  "globalDecimals": 2,
  "globalDisplayMode": "all",
  "globalDisplayTextTriggeredEmpty": "OK",
  "globalFillColor": "#0a55a1",
  "globalGradientsEnabled": true,
  "globalLabelFontSize": 12,
  "globalOperator": "mean",
  "globalPolygonBorderColor": "#000000",
  "globalPolygonBorderSize": 2,
  "globalPolygonSize": "50",
  "globalRegexPattern": "",
  "globalShape": "square",
  "globalShowTimestampEnabled": false,
  "globalShowTimestampFontSize": 12,
  "globalShowTimestampFormat": "HH:mm:ss",
  "globalShowTimestampPosition": "above_value",
  "globalShowTimestampYOffset": 0,
  "globalShowTooltipColumnHeadersEnabled": true,
  "globalShowValueEnabled": true,
  "globalTextFontAutoColor": "#000000",
  "globalTextFontAutoColorEnabled": true,
  "globalTextFontColor": "#000000",
  "globalTextFontFamily": "Roboto",
  "globalThresholdsConfig": [],
  "globalTooltipsEnabled": true,
  "globalTooltipsFontFamily": "Roboto",
  "globalTooltipsShowTimestampEnabled": true,
  "globalTooltipsShowValueEnabled": true,
  "globalUnitFormat": "short",
  "globalValueFontSize": 14,
  "layoutDisplayLimit": 100,
  "layoutNumColumns": 6,
  "layoutNumRows": 8,
  "overrideConfig": {
    "overrides": [],
  },
  "panelId": 0,
  "radius": 100,
  "sortByDirection": 1,
  "sortByField": "name",
  "tooltipDisplayMode": "all",
  "tooltipDisplayTextTriggeredEmpty": "OK",
  "tooltipPrimarySortByField": "thresholdLevel",
  "tooltipPrimarySortDirection": 2,
  "tooltipSecondarySortByField": "value",
  "tooltipSecondarySortDirection": 2,
}
`;

exports[`Polystat -> PolystatV2 migrations migrates old polystat config with mappings 2`] = `
{
  "fieldConfig": {
    "defaults": {
      "mappings": [
        {
          "options": {
            "match": "null",
            "result": {
              "color": undefined,
              "text": "N/A",
            },
          },
          "type": "special",
        },
        {
          "options": {
            "30.386": {
              "color": undefined,
              "text": "Nominal",
            },
          },
          "type": "value",
        },
      ],
    },
    "overrides": [],
  },
  "options": {},
}
`;
